{
  "find": [{
      "_id": "5a2d98eedfa0c3443cad78c5",
      "email": "jane.doe@googlemail.com",
      "forename": "Jane",
      "surname": "Doe",
      "created": "2017-12-10T21:22:30.886Z"
    },
    {
      "_id": "5a2d98bbdfa0c3443cad78c5",
      "email": "joe.bloggs@gmail.com",
      "forename": "Joe",
      "surname": "Bloggs",
      "created": "2017-12-10T21:22:30.886Z"
    },
    {
      "_id": "5a2dc1b625750054aeadb6f3",
      "email": "john.smith@gmail.com",
      "forename": "John",
      "surname": "Smith",
      "created": "2017-12-10T21:22:30.886Z"
    }],
  "id": [{
      "_id": "5a2d98eedfa0c3443cad78c5",
      "email": "jane.doe@googlemail.com",
      "forename": "Jane",
      "surname": "Doe",
      "created": "2017-12-10T21:22:30.886Z"
    }],
  "email": [{
      "_id": "5a2d98bbdfa0c3443cad78c5",
      "email": "joe.bloggs@gmail.com",
      "forename": "Joe",
      "surname": "Bloggs",
      "created": "2017-12-10T21:22:30.886Z"
    }],
  "forename": [{
      "_id": "5a2dc1b625750054aeadb6f3",
      "email": "john.smith@gmail.com",
      "forename": "John",
      "surname": "Smith",
      "created": "2017-12-10T21:22:30.886Z"
    }],
  "surname": [{
      "_id": "5a2d98eedfa0c3443cad78c5",
      "email": "jane.doe@googlemail.com",
      "forename": "Jane",
      "surname": "Doe",
      "created": "2017-12-10T21:22:30.886Z"
    }]
}