[
  {
      "_id": "5a2d98eedfa0c3443cad78c5",
      "email": "jane.doe@googlemail.com",
      "forename": "Jane",
      "surname": "Doe",
      "created": "2017-12-10T21:22:30.886Z"
  }
]