[
  {
      "_id": "5a2dc1a123750054headb9e0",
      "email": "t.test@gmail.com",
      "forename": "T",
      "surname": "Test",
      "created": "2017-12-10T21:22:30.886Z"
  }
]